
Allocating common symbols
Common symbol       size              file

readylist           0x2               binaries/ready.o
sleepq              0x2               binaries/clkinit.o
is_page             0x4               binaries/initialize.o
nnames              0x4               binaries/naminit.o
minheap             0x4               binaries/meminit.o
marks               0x50              binaries/mark.o
currpid             0x4               binaries/initialize.o
Lf_data             0x20c             binaries/lfsinit.o
porttab             0x2d0             binaries/ptinit.o
girmask             0x2               binaries/evec.o
ttytab              0x110             binaries/ttyinit.o
proctab             0x1a90            binaries/initialize.o
prcount             0x4               binaries/initialize.o
lfltab              0xf00             binaries/lflinit.o
nmarks              0x4               binaries/mark.o
Defer               0x8               binaries/resched.o
semtab              0x4b0             binaries/initialize.o
maxheap             0x4               binaries/meminit.o
preempt             0x4               binaries/clkinit.o
buftab              0xf0              binaries/bufinit.o
mkmutex             0x4               binaries/mark.o
count1000           0x4               binaries/clkinit.o
clktime             0x4               binaries/clkinit.o
nbpools             0x4               binaries/bufinit.o
queuetab            0x980             binaries/queue.o
ptnextid            0x4               binaries/ptinit.o
Ram                 0x19000           binaries/raminit.o
memlist             0x8               binaries/initialize.o
nametab             0x19a0            binaries/naminit.o
ptfree              0x4               binaries/ptinit.o
phypagemax          0x4               binaries/meminit.o

Discarded input sections

 .group         0x0000000000000000        0x8 binaries/ascdate.o
 .group         0x0000000000000000        0x8 binaries/bufinit.o
 .group         0x0000000000000000        0x8 binaries/chprio.o
 .group         0x0000000000000000        0x8 binaries/clkhandler.o
 .text.__x86.get_pc_thunk.bx
                0x0000000000000000        0x4 binaries/clkhandler.o
 .group         0x0000000000000000        0x8 binaries/clkinit.o
 .text.__x86.get_pc_thunk.bx
                0x0000000000000000        0x4 binaries/clkinit.o
 .group         0x0000000000000000        0x8 binaries/close.o
 .text.__x86.get_pc_thunk.bx
                0x0000000000000000        0x4 binaries/close.o
 .group         0x0000000000000000        0x8 binaries/control.o
 .text.__x86.get_pc_thunk.bx
                0x0000000000000000        0x4 binaries/control.o
 .group         0x0000000000000000        0x8 binaries/create.o
 .group         0x0000000000000000        0x8 binaries/create.o
 .text.__x86.get_pc_thunk.cx
                0x0000000000000000        0x4 binaries/create.o
 .text.__x86.get_pc_thunk.bx
                0x0000000000000000        0x4 binaries/create.o
 .group         0x0000000000000000        0x8 binaries/evec.o
 .group         0x0000000000000000        0x8 binaries/evec.o
 .text.__x86.get_pc_thunk.ax
                0x0000000000000000        0x4 binaries/evec.o
 .text.__x86.get_pc_thunk.bx
                0x0000000000000000        0x4 binaries/evec.o
 .group         0x0000000000000000        0x8 binaries/exit.o
 .text.__x86.get_pc_thunk.bx
                0x0000000000000000        0x4 binaries/exit.o
 .group         0x0000000000000000        0x8 binaries/freebuf.o
 .text.__x86.get_pc_thunk.bx
                0x0000000000000000        0x4 binaries/freebuf.o
 .group         0x0000000000000000        0x8 binaries/freemem.o
 .text.__x86.get_pc_thunk.bx
                0x0000000000000000        0x4 binaries/freemem.o
 .group         0x0000000000000000        0x8 binaries/getbuf.o
 .text.__x86.get_pc_thunk.bx
                0x0000000000000000        0x4 binaries/getbuf.o
 .group         0x0000000000000000        0x8 binaries/getc.o
 .text.__x86.get_pc_thunk.bx
                0x0000000000000000        0x4 binaries/getc.o
 .group         0x0000000000000000        0x8 binaries/getdev.o
 .text.__x86.get_pc_thunk.bx
                0x0000000000000000        0x4 binaries/getdev.o
 .group         0x0000000000000000        0x8 binaries/getitem.o
 .group         0x0000000000000000        0x8 binaries/getitem.o
 .text.__x86.get_pc_thunk.ax
                0x0000000000000000        0x4 binaries/getitem.o
 .group         0x0000000000000000        0x8 binaries/getmem.o
 .text.__x86.get_pc_thunk.bx
                0x0000000000000000        0x4 binaries/getmem.o
 .group         0x0000000000000000        0x8 binaries/getpid.o
 .text.__x86.get_pc_thunk.ax
                0x0000000000000000        0x4 binaries/getpid.o
 .group         0x0000000000000000        0x8 binaries/getprio.o
 .text.__x86.get_pc_thunk.bx
                0x0000000000000000        0x4 binaries/getprio.o
[...]
Memory Configuration

Name             Origin             Length             Attributes
*default*        0x0000000000000000 0xffffffffffffffff

Linker script and memory map

                0x0000000000100000                physbase = 0x100000
                0x0000000000100000                . = physbase
                0x0000000000100000                . = ALIGN (0x1000)

.text           0x0000000000100000    0x10000
                0x0000000000100000                text = ABSOLUTE (.)
 *(.text .text.*)
 .text          0x0000000000100000      0x1bb binaries/start.o
                0x0000000000100024                start
                0x00000000001000fd                inb
                0x0000000000100105                inw
                0x000000000010010e                inl
                0x0000000000100116                outb
                0x0000000000100120                outw
                0x000000000010012b                outl
                0x0000000000100135                _rtcin
                0x0000000000100140                ___udivsi3
                0x000000000010014b                ___divsi3
                0x0000000000100157                sbzero
                0x0000000000100167                insw
                0x000000000010017d                outsw
                0x0000000000100193                bcopy
                0x00000000001001a7                lidt
                0x00000000001001af                cpuid
 .text          0x00000000001001bb      0x404 binaries/ascdate.o
                0x00000000001001bb                ascdate
 .text.__x86.get_pc_thunk.cx
                0x00000000001005bf        0x4 binaries/ascdate.o
                0x00000000001005bf                __x86.get_pc_thunk.cx
 .text          0x00000000001005c3       0x20 binaries/bufinit.o
                0x00000000001005c3                bufinit
 .text.__x86.get_pc_thunk.ax
                0x00000000001005e3        0x4 binaries/bufinit.o
                0x00000000001005e3                __x86.get_pc_thunk.ax
 .text          0x00000000001005e7       0xa2 binaries/chprio.o
                0x00000000001005e7                chprio
 .text.__x86.get_pc_thunk.bx
                0x0000000000100689        0x4 binaries/chprio.o
                0x0000000000100689                __x86.get_pc_thunk.bx
 .text          0x000000000010068d       0xe4 binaries/clkhandler.o
                0x000000000010068d                clkhandler
 .text          0x0000000000100771       0xa1 binaries/clkinit.o
                0x0000000000100771                clkinit
 .text          0x0000000000100812       0x86 binaries/close.o
                0x0000000000100812                close
 .text          0x0000000000100898        0x0 binaries/conf.o
 .text          0x0000000000100898       0x8c binaries/control.o
                0x0000000000100898                control
 .text          0x0000000000100924      0x38e binaries/create.o
                0x0000000000100924                create
 .text          0x0000000000100cb2      0x4c6 binaries/evec.o
                0x0000000000100cb2                initevec
                0x0000000000100dc3                set_evec
                0x0000000000100e81                _8259_setirmask
                0x0000000000100ef3                trap
 .text          0x0000000000101178       0x29 binaries/exit.o
                0x0000000000101178                exit
 .text          0x00000000001011a1       0xa1 binaries/freebuf.o
                0x00000000001011a1                freebuf
 .text          0x0000000000101242      0x195 binaries/freemem.o
                0x0000000000101242                freemem
 .text          0x00000000001013d7       0x9f binaries/getbuf.o
                0x00000000001013d7                getbuf
 .text          0x0000000000101476       0x86 binaries/getc.o
                0x0000000000101476                getc
 .text          0x00000000001014fc       0x86 binaries/getdev.o
                0x00000000001014fc                getdev
 .text          0x0000000000101582      0x111 binaries/getitem.o
                0x0000000000101582                getfirst
                0x00000000001015d8                getlast
                0x0000000000101630                getitem
 .text.__x86.get_pc_thunk.dx
                0x0000000000101693        0x4 binaries/getitem.o
                0x0000000000101693                __x86.get_pc_thunk.dx
 .text          0x0000000000101697      0x132 binaries/getmem.o
                0x0000000000101697                getmem
 .text          0x00000000001017c9       0x17 binaries/getpid.o
                0x00000000001017c9                getpid
 .text          0x00000000001017e0       0x8c binaries/getprio.o
                0x00000000001017e0                getprio
 .text          0x000000000010186c      0x119 binaries/getstk.o
                0x000000000010186c                getstk
 .text          0x0000000000101985       0x20 binaries/getticks.o
                0x0000000000101985                getticks
 .text          0x00000000001019a5       0x14 binaries/gettime.o
                0x00000000001019a5                gettime
 .text          0x00000000001019b9       0x14 binaries/getutime.o
                0x00000000001019b9                getutime
 .text          0x00000000001019cd       0x86 binaries/init.o
                0x00000000001019cd                init
 .text          0x0000000000101a53      0x425 binaries/initialize.o
                0x0000000000101a69                InitializeVirtualMemory
                0x0000000000101b7e                nulluser
                0x0000000000101e05                stop
                0x0000000000101e40                delay
 .text          0x0000000000101e78      0x105 binaries/insert.o
                0x0000000000101e78                insert
 .text          0x0000000000101f7d      0x13e binaries/insertd.o
                0x0000000000101f7d                insertd
 .text          0x00000000001020bb       0x14 binaries/ioerr.o
                0x00000000001020bb                ioerr
 .text          0x00000000001020cf       0x14 binaries/ionull.o
                0x00000000001020cf                ionull
 .text          0x00000000001020e3      0x1a4 binaries/kill.o
                0x00000000001020e3                kill
 .text          0x0000000000102287      0x1ca binaries/kprintf.o
                0x0000000000102287                kputc
                0x000000000010234f                kgetc
                0x0000000000102415                kprintf
 .text          0x0000000000102451      0x12f binaries/main.o
                0x0000000000102451                main
 .text          0x0000000000102580       0xf0 binaries/mark.o
                0x0000000000102580                markinit
                0x00000000001025bb                mark
 .text          0x0000000000102670      0x668 binaries/meminit.o
                0x0000000000102670                ScanFreePages
                0x00000000001029ab                meminit_ori
                0x0000000000102c15                setsegs
 .text          0x0000000000102cd8      0x194 binaries/mkbufpool.o
                0x0000000000102cd8                mkbufpool
 .text          0x0000000000102e6c       0xbb binaries/newqueue.o
                0x0000000000102e6c                newqueue
 .text          0x0000000000102f27       0x8c binaries/open.o
                0x0000000000102f27                open
 .text          0x0000000000102fb3       0x2e binaries/panic.o
                0x0000000000102fb3                panic
 .text          0x0000000000102fe1       0x29 binaries/platinit.o
                0x0000000000102fe1                console_init
                0x0000000000102ff5                platinit
 .text          0x000000000010300a      0x105 binaries/ptclear.o
                0x000000000010300a                _ptclear
 .text          0x000000000010310f       0xaf binaries/ptcount.o
                0x000000000010310f                ptcount
 .text          0x00000000001031be      0x138 binaries/ptcreate.o
                0x00000000001031be                ptcreate
 .text          0x00000000001032f6       0x94 binaries/ptdelete.o
                0x00000000001032f6                ptdelete
 .text          0x000000000010338a       0xe7 binaries/ptinit.o
                0x000000000010338a                ptinit
 .text          0x0000000000103471      0x135 binaries/ptrecv.o
                0x0000000000103471                ptrecv
 .text          0x00000000001035a6       0x89 binaries/ptreset.o
                0x00000000001035a6                ptreset
 .text          0x000000000010362f      0x15a binaries/ptsend.o
                0x000000000010362f                ptsend
 .text          0x0000000000103789       0x91 binaries/putc.o
                0x0000000000103789                putc
 .text          0x000000000010381a      0x146 binaries/queue.o
                0x000000000010381a                enqueue
                0x00000000001038db                dequeue
 .text          0x0000000000103960       0x8c binaries/read.o
                0x0000000000103960                read
 .text          0x00000000001039ec       0x8c binaries/ready.o
                0x00000000001039ec                ready
 .text          0x0000000000103a78       0x74 binaries/receive.o
                0x0000000000103a78                receive
 .text          0x0000000000103aec       0x70 binaries/recvclr.o
                0x0000000000103aec                recvclr
 .text          0x0000000000103b5c       0xd5 binaries/recvtime.o
                0x0000000000103b5c                recvtime
 .text          0x0000000000103c31      0x1e2 binaries/resched.o
                0x0000000000103c31                resched
                0x0000000000103d75                resched_cntl
 .text          0x0000000000103e13       0xbf binaries/resume.o
                0x0000000000103e13                resume
 .text          0x0000000000103ed2       0x8a binaries/seek.o
                0x0000000000103ed2                seek
 .text          0x0000000000103f5c       0x87 binaries/semcount.o
                0x0000000000103f5c                semcount
 .text          0x0000000000103fe3      0x100 binaries/semcreate.o
                0x0000000000103fe3                semcreate
 .text          0x00000000001040e3       0xdf binaries/semdelete.o
                0x00000000001040e3                semdelete
 .text          0x00000000001041c2       0xe3 binaries/semreset.o
                0x00000000001041c2                semreset
 .text          0x00000000001042a5       0xfb binaries/send.o
                0x00000000001042a5                send
 .text          0x00000000001043a0       0xba binaries/signal.o
                0x00000000001043a0                signal
 .text          0x000000000010445a       0xe8 binaries/signaln.o
                0x000000000010445a                signaln
 .text          0x0000000000104542      0x10e binaries/sleep.o
                0x0000000000104542                sleep
                0x000000000010459a                sleepms
 .text          0x0000000000104650      0x1b4 binaries/stacktrace.o
                0x0000000000104650                stacktrace
 .text          0x0000000000104804       0xf5 binaries/suspend.o
                0x0000000000104804                suspend
 .text          0x00000000001048f9      0x100 binaries/unsleep.o
                0x00000000001048f9                unsleep
 .text          0x00000000001049f9       0x29 binaries/userret.o
                0x00000000001049f9                userret
 .text          0x0000000000104a22     0x102e binaries/vm.o
                0x0000000000104a22                FlushTlb
                0x0000000000104a38                MkpgAccessibleby0x1fff000
                0x0000000000104a87                Bytes2Pages
                0x0000000000104ab4                Pages2Tbls
                0x0000000000104ae1                GetOnePage
                0x0000000000104bd9                FreeOnePage
                0x0000000000104c8e                set_alloc_boundary_tag
                0x0000000000104cc2                set_free_boundary_tag
                0x0000000000104cf0                insert_free_block
                0x0000000000104da8                delete_free_block
                0x0000000000104e75                assign_free_block
                0x0000000000104f4d                scan_free_block
                0x0000000000105077                heapsbrk
                0x0000000000105231                InitializeFreeList
                0x00000000001052a8                FreeHeapPage
                0x000000000010535a                allocmem
                0x0000000000105602                deallocmem
                0x0000000000105823                allocstk
                0x0000000000105947                deallocstk
 .text          0x0000000000105a50       0xf5 binaries/wait.o
                0x0000000000105a50                wait
 .text          0x0000000000105b45       0x98 binaries/wakeup.o
                0x0000000000105b45                wakeup
 .text          0x0000000000105bdd       0x8c binaries/write.o
                0x0000000000105bdd                write
 .text          0x0000000000105c69       0x2f binaries/xdone.o
                0x0000000000105c69                xdone
 .text          0x0000000000105c98       0x37 binaries/yield.o
                0x0000000000105c98                yield
 .text          0x0000000000105ccf       0x1b binaries/abs.o
                0x0000000000105ccf                abs
 .text          0x0000000000105cea       0x99 binaries/atoi.o
                0x0000000000105cea                atoi
 .text          0x0000000000105d83       0x99 binaries/atol.o
                0x0000000000105d83                atol
 .text          0x0000000000105e1c       0x3c binaries/bzero.o
                0x0000000000105e1c                bzero
 .text          0x0000000000105e58        0x0 binaries/ctype_.o
 .text          0x0000000000105e58      0x94d binaries/doprnt.o
                0x0000000000105e58                _doprnt
 .text          0x00000000001067a5      0x6cb binaries/doscan.o
                0x00000000001067a5                _doscan
 .text.__x86.get_pc_thunk.di
                0x0000000000106e70        0x4 binaries/doscan.o
                0x0000000000106e70                __x86.get_pc_thunk.di
 .text          0x0000000000106e74      0x76a binaries/fdoprnt.o
                0x0000000000106e74                _fdoprnt
 .text          0x00000000001075de       0x39 binaries/fgetc.o
                0x00000000001075de                fgetc
 .text          0x0000000000107617       0x84 binaries/fgets.o
                0x0000000000107617                fgets
 .text          0x000000000010769b       0x3c binaries/fprintf.o
                0x000000000010769b                fprintf
 .text          0x00000000001076d7       0x3c binaries/fputc.o
                0x00000000001076d7                fputc
 .text          0x0000000000107713       0x52 binaries/fputs.o
                0x0000000000107713                fputs
 .text          0x0000000000107765       0xb8 binaries/fscanf.o
                0x0000000000107765                fscanf
 .text          0x000000000010781d       0x46 binaries/getchar.o
                0x000000000010781d                getchar
 .text          0x0000000000107863       0x1b binaries/labs.o
                0x0000000000107863                labs
 .text          0x000000000010787e        0x0 binaries/memchr.o
 .text          0x000000000010787e       0x5b binaries/memcmp.o
                0x000000000010787e                memcmp
 .text          0x00000000001078d9       0x30 binaries/memcpy.o
                0x00000000001078d9                memcpy
 .text          0x0000000000107909       0x3a binaries/memset.o
                0x0000000000107909                memset
 .text          0x0000000000107943       0x5e binaries/printf.o
                0x0000000000107943                printf
 .text          0x00000000001079a1       0x49 binaries/putchar.o
                0x00000000001079a1                putchar
 .text          0x00000000001079ea      0x2b7 binaries/qsort.o
                0x00000000001079ea                qsort
 .text          0x0000000000107ca1       0x81 binaries/rand.o
                0x0000000000107ca1                rand
                0x0000000000107cc5                rand_r
                0x0000000000107d09                srand
 .text          0x0000000000107d22       0x82 binaries/sprintf.o
                0x0000000000107d22                sprintf
 .text          0x0000000000107da4       0x98 binaries/sscanf.o
                0x0000000000107da4                sscanf
 .text          0x0000000000107e3c       0x46 binaries/strchr.o
                0x0000000000107e3c                strchr
 .text          0x0000000000107e82       0x4f binaries/strcmp.o
                0x0000000000107e82                strcmp
 .text          0x0000000000107ed1       0x31 binaries/strcpy.o
                0x0000000000107ed1                strcpy
 .text          0x0000000000107f02       0x30 binaries/strlen.o
                0x0000000000107f02                strlen
 .text          0x0000000000107f32       0x60 binaries/strncat.o
                0x0000000000107f32                strncat
 .text          0x0000000000107f92       0x68 binaries/strncmp.o
                0x0000000000107f92                strncmp
 .text          0x0000000000107ffa       0x59 binaries/strncpy.o
                0x0000000000107ffa                strncpy
 .text          0x0000000000108053       0x38 binaries/strnlen.o
                0x0000000000108053                strnlen
 .text          0x000000000010808b       0x4f binaries/strrchr.o
                0x000000000010808b                strrchr
 .text          0x00000000001080da       0x78 binaries/strstr.o
                0x00000000001080da                strstr
 .text          0x0000000000108152       0xfb binaries/ttycontrol.o
                0x0000000000108152                ttycontrol
 .text          0x000000000010824d       0xab binaries/ttygetc.o
                0x000000000010824d                ttygetc
 .text          0x00000000001082f8      0x72b binaries/ttyhandle_in.o
                0x00000000001082f8                ttyhandle_in
 .text          0x0000000000108a23      0x1c2 binaries/ttyhandle_out.o
                0x0000000000108a23                ttyhandle_out
 .text          0x0000000000108be5       0xe7 binaries/ttyhandler.o
                0x0000000000108be5                ttyhandler
 .text          0x0000000000108ccc      0x241 binaries/ttyinit.o
                0x0000000000108ccc                ttyinit
 .text          0x0000000000108f0d       0x2b binaries/ttykickout.o
                0x0000000000108f0d                ttykickout
 .text          0x0000000000108f38       0xc9 binaries/ttyputc.o
                0x0000000000108f38                ttyputc
 .text          0x0000000000109001      0x12d binaries/ttyread.o
                0x0000000000109001                ttyread
 .text          0x000000000010912e       0x5c binaries/ttywrite.o
                0x000000000010912e                ttywrite
 .text          0x000000000010918a      0x174 binaries/mount.o
                0x000000000010918a                mount
                0x00000000001092be                namlen
 .text          0x00000000001092fe      0x220 binaries/naminit.o
                0x00000000001092fe                naminit
 .text          0x000000000010951e      0x243 binaries/nammap.o
                0x000000000010951e                nammap
                0x00000000001095bb                namrepl
                0x0000000000109707                namcpy
 .text          0x0000000000109761       0x5d binaries/namopen.o
                0x0000000000109761                namopen
 .text          0x00000000001097be       0x14 binaries/ramclose.o
                0x00000000001097be                ramclose
 .text          0x00000000001097d2       0x58 binaries/raminit.o
                0x00000000001097d2                raminit
 .text          0x000000000010982a       0x14 binaries/ramopen.o
                0x000000000010982a                ramopen
 .text          0x000000000010983e       0x47 binaries/ramread.o
                0x000000000010983e                ramread
 .text          0x0000000000109885       0x47 binaries/ramwrite.o
                0x0000000000109885                ramwrite
 .text          0x00000000001098cc       0xc4 binaries/lfdballoc.o
                0x00000000001098cc                lfdballoc
 .text          0x0000000000109990       0x6c binaries/lfdbfree.o
                0x0000000000109990                lfdbfree
 .text          0x00000000001099fc       0xe0 binaries/lfflush.o
                0x00000000001099fc                lfflush
 .text          0x0000000000109adc       0xe2 binaries/lfgetmode.o
                0x0000000000109adc                lfgetmode
 .text          0x0000000000109bbe       0x92 binaries/lfiballoc.o
                0x0000000000109bbe                lfiballoc
 .text          0x0000000000109c50       0x45 binaries/lfibclear.o
                0x0000000000109c50                lfibclear
 .text          0x0000000000109c95       0xbc binaries/lfibget.o
                0x0000000000109c95                lfibget
 .text          0x0000000000109d51       0xeb binaries/lfibput.o
                0x0000000000109d51                lfibput
 .text          0x0000000000109e3c       0xbb binaries/lflclose.o
                0x0000000000109e3c                lflclose
 .text          0x0000000000109ef7       0xef binaries/lflcontrol.o
                0x0000000000109ef7                lflcontrol
 .text          0x0000000000109fe6      0x104 binaries/lflgetc.o
                0x0000000000109fe6                lflgetc
 .text          0x000000000010a0ea      0x102 binaries/lflinit.o
                0x000000000010a0ea                lflinit
 .text          0x000000000010a1ec      0x13a binaries/lflputc.o
                0x000000000010a1ec                lflputc
 .text          0x000000000010a326       0x7f binaries/lflread.o
                0x000000000010a326                lflread
 .text          0x000000000010a3a5       0xbe binaries/lflseek.o
                0x000000000010a3a5                lflseek
 .text          0x000000000010a463       0x64 binaries/lflwrite.o
                0x000000000010a463                lflwrite
 .text          0x000000000010a4c7       0x6c binaries/lfscheck.o
                0x000000000010a4c7                lfscheck
 .text          0x000000000010a533      0x194 binaries/lfsckfmt.o
                0x000000000010a533                lfsckfmt
 .text          0x000000000010a6c7      0x1be binaries/lfscreate.o
                0x000000000010a6c7                lfscreate
 .text          0x000000000010a885      0x2a3 binaries/lfsetup.o
                0x000000000010a885                lfsetup
 .text          0x000000000010ab28       0x81 binaries/lfsinit.o
                0x000000000010ab28                lfsinit
 .text          0x000000000010aba9      0x411 binaries/lfsopen.o
                0x000000000010aba9                lfsopen
 .text          0x000000000010afba      0x18a binaries/lftruncate.o
                0x000000000010afba                lftruncate
 .text          0x000000000010b144      0x1b2 binaries/addargs.o
                0x000000000010b144                addargs
 .text          0x000000000010b2f6      0x2d1 binaries/lexan.o
                0x000000000010b2f6                lexan
 .text          0x000000000010b5c7      0x6dd binaries/shell.o
                0x000000000010b5c7                shell
 .text          0x000000000010bca4       0x7e binaries/xsh_argecho.o
                0x000000000010bca4                xsh_argecho
 .text          0x000000000010bd22      0x2ae binaries/xsh_cat.o
                0x000000000010bd22                xsh_cat
 .text          0x000000000010bfd0       0x7a binaries/xsh_clear.o
                0x000000000010bfd0                xsh_clear
 .text          0x000000000010c04a      0x2e1 binaries/xsh_date.o
                0x000000000010c04a                xsh_date
 .text          0x000000000010c32b       0xcb binaries/xsh_devdump.o
                0x000000000010c32b                xsh_devdump
 .text          0x000000000010c3f6       0x87 binaries/xsh_echo.o
                0x000000000010c3f6                xsh_echo
 .text          0x000000000010c47d       0x14 binaries/xsh_exit.o
                0x000000000010c47d                xsh_exit
 .text          0x000000000010c491      0x3e9 binaries/xsh_help.o
                0x000000000010c491                xsh_help
 .text          0x000000000010c87a      0x287 binaries/xsh_kill.o
                0x000000000010c87a                xsh_kill
 .text          0x000000000010cb01      0x5ad binaries/xsh_memdump.o
                0x000000000010cb01                xsh_memdump
 .text          0x000000000010d0ae      0x316 binaries/xsh_memstat.o
                0x000000000010d0ae                xsh_memstat
 .text          0x000000000010d3c4      0x27c binaries/xsh_ps.o
                0x000000000010d3c4                xsh_ps
 .text          0x000000000010d640      0x265 binaries/xsh_sleep.o
                0x000000000010d640                xsh_sleep
 .text          0x000000000010d8a5      0x230 binaries/xsh_uptime.o
                0x000000000010d8a5                xsh_uptime
 .text          0x000000000010dad5        0xe binaries/clkdisp.o
                0x000000000010dad5                clkdisp
 .text          0x000000000010dae3       0x1f binaries/ctxsw.o
                0x000000000010dae3                ctxsw
 .text          0x000000000010db02      0x2ca binaries/intr.o
                0x000000000010db02                disable
                0x000000000010db0b                restore
                0x000000000010db19                enable
                0x000000000010db1b                pause
                0x000000000010db22                halt
                0x000000000010db25                spurious_irq7
                0x000000000010db2a                spurious_irq15
                0x000000000010db39                _Xint0
                0x000000000010db41                _Xint1
                0x000000000010db49                _Xint2
                0x000000000010db51                _Xint3
                0x000000000010db59                _Xint4
                0x000000000010db61                _Xint5
                0x000000000010db6c                _Xint6
                0x000000000010db74                _Xint7
                0x000000000010db7c                _Xint8
                0x000000000010db84                _Xint9
                0x000000000010db8c                _Xint10
                0x000000000010db94                _Xint11
                0x000000000010db9c                _Xint12
                0x000000000010dba4                _Xint13
                0x000000000010dbac                _Xint14
                0x000000000010dbb7                _Xint15
                0x000000000010dbc2                _Xint16
                0x000000000010dbcd                _Xint17
                0x000000000010dbd8                _Xint18
                0x000000000010dbe3                _Xint19
                0x000000000010dbee                _Xint20
                0x000000000010dbf9                _Xint21
                0x000000000010dc04                _Xint22
                0x000000000010dc0f                _Xint23
                0x000000000010dc1a                _Xint24
                0x000000000010dc25                _Xint25
                0x000000000010dc30                _Xint26
                0x000000000010dc3b                _Xint27
                0x000000000010dc46                _Xint28
                0x000000000010dc51                _Xint29
                0x000000000010dc5c                _Xint30
                0x000000000010dc67                _Xint31
                0x000000000010dc72                _Xint32
                0x000000000010dc7d                _Xint33
                0x000000000010dc88                _Xint34
                0x000000000010dc93                _Xint35
                0x000000000010dc9e                _Xint36
                0x000000000010dca9                _Xint37
                0x000000000010dcb4                _Xint38
                0x000000000010dcbf                _Xint40
                0x000000000010dcca                _Xint41
                0x000000000010dcd5                _Xint42
                0x000000000010dce0                _Xint43
                0x000000000010dceb                _Xint44
                0x000000000010dcf6                _Xint45
                0x000000000010dd01                _Xint46
                0x000000000010dd0c                defevec
 .text          0x000000000010ddcc       0x10 binaries/ttydispatch.o
                0x000000000010ddcc                ttydispatch
 *(.rodata .rodata.*)
 .rodata        0x000000000010dddc       0x8e binaries/ascdate.o
 .rodata        0x000000000010de6a       0x52 binaries/conf.o
 .rodata        0x000000000010debc        0xe binaries/create.o
 *fill*         0x000000000010deca        0x2 
 .rodata        0x000000000010decc      0x231 binaries/evec.o
 *fill*         0x000000000010e0fd        0x3 
 .rodata        0x000000000010e100       0x97 binaries/initialize.o
 *fill*         0x000000000010e197        0x1 
 .rodata        0x000000000010e198       0x20 binaries/kill.o
 .rodata        0x000000000010e1b8       0x2a binaries/main.o
 *fill*         0x000000000010e1e2        0x2 
 .rodata        0x000000000010e1e4       0x3e binaries/meminit.o
 .rodata        0x000000000010e222        0xf binaries/panic.o
 .rodata        0x000000000010e231       0x1d binaries/ptinit.o
 *fill*         0x000000000010e24e        0x2 
 .rodata        0x000000000010e250       0x25 binaries/ptsend.o
 *fill*         0x000000000010e275        0x3 
 .rodata        0x000000000010e278       0xb7 binaries/stacktrace.o
 *fill*         0x000000000010e32f        0x1 
 .rodata        0x000000000010e330      0x13c binaries/vm.o
 .rodata        0x000000000010e46c       0x27 binaries/xdone.o
 *fill*         0x000000000010e493        0xd 
 .rodata        0x000000000010e4a0       0x81 binaries/ctype_.o
                0x000000000010e4a0                _ctype_
 *fill*         0x000000000010e521        0x3 
 .rodata        0x000000000010e524       0xee binaries/doprnt.o
 *fill*         0x000000000010e612        0x2 
 .rodata        0x000000000010e614       0x98 binaries/doscan.o
 .rodata        0x000000000010e6ac       0xae binaries/fdoprnt.o
 *fill*         0x000000000010e75a        0x2 
 .rodata        0x000000000010e75c       0x20 binaries/ttycontrol.o
 .rodata        0x000000000010e77c       0x34 binaries/ttyhandler.o
 .rodata        0x000000000010e7b0       0x80 binaries/naminit.o
 .rodata        0x000000000010e830        0x9 binaries/raminit.o
 *fill*         0x000000000010e839        0x3 
 .rodata        0x000000000010e83c       0x37 binaries/lfdballoc.o
 .rodata        0x000000000010e873       0x14 binaries/lfiballoc.o
 *fill*         0x000000000010e887        0x1 
 .rodata        0x000000000010e888       0x23 binaries/lflcontrol.o
 *fill*         0x000000000010e8ab        0x1 
 .rodata        0x000000000010e8ac      0x11b binaries/lfsckfmt.o
 *fill*         0x000000000010e9c7        0x1 
 .rodata        0x000000000010e9c8       0x2a binaries/lfsopen.o
 *fill*         0x000000000010e9f2        0x2 
 .rodata        0x000000000010e9f4      0x2cd binaries/shell.o
 .rodata        0x000000000010ecc1       0x28 binaries/xsh_argecho.o
 *fill*         0x000000000010ece9        0x3 
 .rodata        0x000000000010ecec       0xc9 binaries/xsh_cat.o
 .rodata        0x000000000010edb5       0x19 binaries/xsh_clear.o
 *fill*         0x000000000010edce        0x2 
 .rodata        0x000000000010edd0      0x1a5 binaries/xsh_date.o
 .rodata        0x000000000010ef75       0x5d binaries/xsh_devdump.o
 .rodata        0x000000000010efd2        0x9 binaries/xsh_echo.o
 *fill*         0x000000000010efdb        0x1 
 .rodata        0x000000000010efdc      0x169 binaries/xsh_help.o
 *fill*         0x000000000010f145        0x3 
 .rodata        0x000000000010f148      0x12e binaries/xsh_kill.o
 *fill*         0x000000000010f276        0x2 
 .rodata        0x000000000010f278      0x266 binaries/xsh_memdump.o
 *fill*         0x000000000010f4de        0x2 
 .rodata        0x000000000010f4e0      0x225 binaries/xsh_memstat.o
 *fill*         0x000000000010f705        0x3 
 .rodata        0x000000000010f708      0x1a8 binaries/xsh_ps.o
 .rodata        0x000000000010f8b0       0xeb binaries/xsh_sleep.o
 *fill*         0x000000000010f99b        0x1 
 .rodata        0x000000000010f99c      0x105 binaries/xsh_uptime.o
                0x000000000010faa1                etext = ABSOLUTE (.)
                0x0000000000110000                . = ALIGN (0x1000)
 *fill*         0x000000000010faa1      0x55f 

.eh_frame       0x0000000000110000     0x2220
 .eh_frame      0x0000000000110000       0x50 binaries/ascdate.o
 .eh_frame      0x0000000000110050       0x34 binaries/bufinit.o
                                         0x4c (size before relaxing)
 .eh_frame      0x0000000000110084       0x38 binaries/chprio.o
                                         0x50 (size before relaxing)
 .eh_frame      0x00000000001100bc       0x24 binaries/clkhandler.o
                                         0x50 (size before relaxing)
 .eh_frame      0x00000000001100e0       0x24 binaries/clkinit.o
                                         0x50 (size before relaxing)
 .eh_frame      0x0000000000110104       0x24 binaries/close.o
                                         0x50 (size before relaxing)
 .eh_frame      0x0000000000110128       0x24 binaries/control.o
                                         0x50 (size before relaxing)
 .eh_frame      0x000000000011014c       0x48 binaries/create.o
                                         0x88 (size before relaxing)
 .eh_frame      0x0000000000110194       0x90 binaries/evec.o
                                         0xd0 (size before relaxing)
 .eh_frame      0x0000000000110224       0x24 binaries/exit.o
                                         0x50 (size before relaxing)
 .eh_frame      0x0000000000110248       0x24 binaries/freebuf.o
                                         0x50 (size before relaxing)
 .eh_frame      0x000000000011026c       0x24 binaries/freemem.o
                                         0x50 (size before relaxing)
 .eh_frame      0x0000000000110290       0x24 binaries/getbuf.o
                                         0x50 (size before relaxing)
 .eh_frame      0x00000000001102b4       0x24 binaries/getc.o
                                         0x50 (size before relaxing)
 .eh_frame      0x00000000001102d8       0x24 binaries/getdev.o
                                         0x50 (size before relaxing)
 .eh_frame      0x00000000001102fc       0x78 binaries/getitem.o
                                         0xa4 (size before relaxing)
 .eh_frame      0x0000000000110374       0x24 binaries/getmem.o
                                         0x50 (size before relaxing)
 .eh_frame      0x0000000000110398       0x20 binaries/getpid.o
                                         0x4c (size before relaxing)
 .eh_frame      0x00000000001103b8       0x24 binaries/getprio.o
                                         0x50 (size before relaxing)
 .eh_frame      0x00000000001103dc       0x24 binaries/getstk.o
                                         0x50 (size before relaxing)
 .eh_frame      0x0000000000110400       0x20 binaries/getticks.o
                                         0x4c (size before relaxing)
 .eh_frame      0x0000000000110420       0x20 binaries/gettime.o
                                         0x4c (size before relaxing)
 .eh_frame      0x0000000000110440       0x20 binaries/getutime.o
                                         0x4c (size before relaxing)
 .eh_frame      0x0000000000110460       0x24 binaries/init.o
                                         0x50 (size before relaxing)
 .eh_frame      0x0000000000110484       0xe8 binaries/initialize.o
                                        0x128 (size before relaxing)
 .eh_frame      0x000000000011056c       0x24 binaries/insert.o
                                         0x50 (size before relaxing)
 .eh_frame      0x0000000000110590       0x28 binaries/insertd.o
                                         0x54 (size before relaxing)
 .eh_frame      0x00000000001105b8       0x20 binaries/ioerr.o
                                         0x4c (size before relaxing)
 .eh_frame      0x00000000001105d8       0x20 binaries/ionull.o
                                         0x4c (size before relaxing)
 .eh_frame      0x00000000001105f8       0x2c binaries/kill.o
                                         0x58 (size before relaxing)
 .eh_frame      0x0000000000110624       0x6c binaries/kprintf.o
                                         0xac (size before relaxing)
 .eh_frame      0x0000000000110690       0x28 binaries/main.o
                                         0x54 (size before relaxing)
 .eh_frame      0x00000000001106b8       0x48 binaries/mark.o
                                         0x74 (size before relaxing)
 .eh_frame      0x0000000000110700       0x84 binaries/meminit.o
                                         0xc4 (size before relaxing)
 .eh_frame      0x0000000000110784       0x24 binaries/mkbufpool.o
                                         0x50 (size before relaxing)
 .eh_frame      0x00000000001107a8       0x24 binaries/newqueue.o
                                         0x50 (size before relaxing)
 .eh_frame      0x00000000001107cc       0x24 binaries/open.o
                                         0x50 (size before relaxing)
 .eh_frame      0x00000000001107f0       0x1c binaries/panic.o
                                         0x48 (size before relaxing)
 .eh_frame      0x000000000011080c       0x40 binaries/platinit.o
                                         0x6c (size before relaxing)
 .eh_frame      0x000000000011084c       0x24 binaries/ptclear.o
                                         0x50 (size before relaxing)
 .eh_frame      0x0000000000110870       0x24 binaries/ptcount.o
                                         0x50 (size before relaxing)
 .eh_frame      0x0000000000110894       0x24 binaries/ptcreate.o
                                         0x50 (size before relaxing)
 .eh_frame      0x00000000001108b8       0x24 binaries/ptdelete.o
                                         0x50 (size before relaxing)
 .eh_frame      0x00000000001108dc       0x24 binaries/ptinit.o
                                         0x50 (size before relaxing)
 .eh_frame      0x0000000000110900       0x24 binaries/ptrecv.o
                                         0x50 (size before relaxing)
 .eh_frame      0x0000000000110924       0x24 binaries/ptreset.o
                                         0x50 (size before relaxing)
 .eh_frame      0x0000000000110948       0x24 binaries/ptsend.o
                                         0x50 (size before relaxing)
 .eh_frame      0x000000000011096c       0x24 binaries/putc.o
                                         0x50 (size before relaxing)
 .eh_frame      0x0000000000110990       0x48 binaries/queue.o
                                         0x88 (size before relaxing)
 .eh_frame      0x00000000001109d8       0x24 binaries/read.o
                                         0x50 (size before relaxing)
 .eh_frame      0x00000000001109fc       0x28 binaries/ready.o
                                         0x54 (size before relaxing)
 .eh_frame      0x0000000000110a24       0x24 binaries/receive.o
                                         0x50 (size before relaxing)
 .eh_frame      0x0000000000110a48       0x24 binaries/recvclr.o
                                         0x50 (size before relaxing)
 .eh_frame      0x0000000000110a6c       0x24 binaries/recvtime.o
                                         0x50 (size before relaxing)
 .eh_frame      0x0000000000110a90       0x48 binaries/resched.o
                                         0x88 (size before relaxing)
 .eh_frame      0x0000000000110ad8       0x24 binaries/resume.o
                                         0x50 (size before relaxing)
 .eh_frame      0x0000000000110afc       0x24 binaries/seek.o
                                         0x50 (size before relaxing)
 .eh_frame      0x0000000000110b20       0x24 binaries/semcount.o
                                         0x50 (size before relaxing)
 .eh_frame      0x0000000000110b44       0x48 binaries/semcreate.o
                                         0x88 (size before relaxing)
 .eh_frame      0x0000000000110b8c       0x24 binaries/semdelete.o
                                         0x50 (size before relaxing)
 .eh_frame      0x0000000000110bb0       0x24 binaries/semreset.o
                                         0x50 (size before relaxing)
 .eh_frame      0x0000000000110bd4       0x24 binaries/send.o
                                         0x50 (size before relaxing)
 .eh_frame      0x0000000000110bf8       0x24 binaries/signal.o
                                         0x50 (size before relaxing)
 .eh_frame      0x0000000000110c1c       0x24 binaries/signaln.o
                                         0x50 (size before relaxing)
 .eh_frame      0x0000000000110c40       0x44 binaries/sleep.o
                                         0x84 (size before relaxing)
 .eh_frame      0x0000000000110c84       0x24 binaries/stacktrace.o
                                         0x50 (size before relaxing)
 .eh_frame      0x0000000000110ca8       0x24 binaries/suspend.o
                                         0x50 (size before relaxing)
 .eh_frame      0x0000000000110ccc       0x24 binaries/unsleep.o
                                         0x50 (size before relaxing)
 .eh_frame      0x0000000000110cf0       0x24 binaries/userret.o
                                         0x50 (size before relaxing)
 .eh_frame      0x0000000000110d14      0x298 binaries/vm.o
                                        0x2ec (size before relaxing)
 .eh_frame      0x0000000000110fac       0x24 binaries/wait.o
                                         0x50 (size before relaxing)
 .eh_frame      0x0000000000110fd0       0x24 binaries/wakeup.o
                                         0x50 (size before relaxing)
 .eh_frame      0x0000000000110ff4       0x24 binaries/write.o
                                         0x50 (size before relaxing)
 .eh_frame      0x0000000000111018       0x24 binaries/xdone.o
                                         0x50 (size before relaxing)
 .eh_frame      0x000000000011103c       0x24 binaries/yield.o
                                         0x50 (size before relaxing)
 .eh_frame      0x0000000000111060       0x20 binaries/abs.o
                                         0x4c (size before relaxing)
 .eh_frame      0x0000000000111080       0x20 binaries/atoi.o
                                         0x4c (size before relaxing)
 .eh_frame      0x00000000001110a0       0x20 binaries/atol.o
                                         0x4c (size before relaxing)
 .eh_frame      0x00000000001110c0       0x20 binaries/bzero.o
                                         0x4c (size before relaxing)
 .eh_frame      0x00000000001110e0       0xec binaries/doprnt.o
                                        0x140 (size before relaxing)
 .eh_frame      0x00000000001111cc       0xc8 binaries/doscan.o
                                         0xf4 (size before relaxing)
 .eh_frame      0x0000000000111294       0xcc binaries/fdoprnt.o
                                        0x10c (size before relaxing)
 .eh_frame      0x0000000000111360       0x24 binaries/fgetc.o
                                         0x50 (size before relaxing)
 .eh_frame      0x0000000000111384       0x24 binaries/fgets.o
                                         0x50 (size before relaxing)
 .eh_frame      0x00000000001113a8       0x24 binaries/fprintf.o
                                         0x50 (size before relaxing)
 .eh_frame      0x00000000001113cc       0x24 binaries/fputc.o
                                         0x50 (size before relaxing)
 .eh_frame      0x00000000001113f0       0x24 binaries/fputs.o
                                         0x50 (size before relaxing)
 .eh_frame      0x0000000000111414       0x68 binaries/fscanf.o
                                         0x94 (size before relaxing)
 .eh_frame      0x000000000011147c       0x24 binaries/getchar.o
                                         0x50 (size before relaxing)
 .eh_frame      0x00000000001114a0       0x20 binaries/labs.o
                                         0x4c (size before relaxing)
 .eh_frame      0x00000000001114c0       0x20 binaries/memcmp.o
                                         0x4c (size before relaxing)
 .eh_frame      0x00000000001114e0       0x28 binaries/memcpy.o
                                         0x54 (size before relaxing)
 .eh_frame      0x0000000000111508       0x24 binaries/memset.o
                                         0x50 (size before relaxing)
 .eh_frame      0x000000000011152c       0x24 binaries/printf.o
                                         0x50 (size before relaxing)
 .eh_frame      0x0000000000111550       0x24 binaries/putchar.o
                                         0x50 (size before relaxing)
 .eh_frame      0x0000000000111574       0xa4 binaries/qsort.o
                                         0xd0 (size before relaxing)
 .eh_frame      0x0000000000111618       0x60 binaries/rand.o
                                         0x8c (size before relaxing)
 .eh_frame      0x0000000000111678       0x44 binaries/sprintf.o
                                         0x70 (size before relaxing)
 .eh_frame      0x00000000001116bc       0x64 binaries/sscanf.o
                                         0x90 (size before relaxing)
 .eh_frame      0x0000000000111720       0x20 binaries/strchr.o
                                         0x4c (size before relaxing)
 .eh_frame      0x0000000000111740       0x20 binaries/strcmp.o
                                         0x4c (size before relaxing)
 .eh_frame      0x0000000000111760       0x20 binaries/strcpy.o
                                         0x4c (size before relaxing)
 .eh_frame      0x0000000000111780       0x20 binaries/strlen.o
                                         0x4c (size before relaxing)
 .eh_frame      0x00000000001117a0       0x20 binaries/strncat.o
                                         0x4c (size before relaxing)
 .eh_frame      0x00000000001117c0       0x20 binaries/strncmp.o
                                         0x4c (size before relaxing)
 .eh_frame      0x00000000001117e0       0x28 binaries/strncpy.o
                                         0x54 (size before relaxing)
 .eh_frame      0x0000000000111808       0x20 binaries/strnlen.o
                                         0x4c (size before relaxing)
 .eh_frame      0x0000000000111828       0x20 binaries/strrchr.o
                                         0x4c (size before relaxing)
 .eh_frame      0x0000000000111848       0x20 binaries/strstr.o
                                         0x4c (size before relaxing)
 .eh_frame      0x0000000000111868       0x24 binaries/ttycontrol.o
                                         0x50 (size before relaxing)
 .eh_frame      0x000000000011188c       0x24 binaries/ttygetc.o
                                         0x50 (size before relaxing)
 .eh_frame      0x00000000001118b0       0x88 binaries/ttyhandle_in.o
                                         0xdc (size before relaxing)
 .eh_frame      0x0000000000111938       0x24 binaries/ttyhandle_out.o
                                         0x50 (size before relaxing)
 .eh_frame      0x000000000011195c       0x24 binaries/ttyhandler.o
                                         0x50 (size before relaxing)
 .eh_frame      0x0000000000111980       0x24 binaries/ttyinit.o
                                         0x50 (size before relaxing)
 .eh_frame      0x00000000001119a4       0x24 binaries/ttykickout.o
                                         0x50 (size before relaxing)
 .eh_frame      0x00000000001119c8       0x24 binaries/ttyputc.o
                                         0x50 (size before relaxing)
 .eh_frame      0x00000000001119ec       0x24 binaries/ttyread.o
                                         0x50 (size before relaxing)
 .eh_frame      0x0000000000111a10       0x24 binaries/ttywrite.o
                                         0x50 (size before relaxing)
 .eh_frame      0x0000000000111a34       0x44 binaries/mount.o
                                         0x84 (size before relaxing)
 .eh_frame      0x0000000000111a78       0x24 binaries/naminit.o
                                         0x50 (size before relaxing)
 .eh_frame      0x0000000000111a9c       0x68 binaries/nammap.o
                                         0xa8 (size before relaxing)
 .eh_frame      0x0000000000111b04       0x24 binaries/namopen.o
                                         0x50 (size before relaxing)
 .eh_frame      0x0000000000111b28       0x20 binaries/ramclose.o
                                         0x4c (size before relaxing)
 .eh_frame      0x0000000000111b48       0x24 binaries/raminit.o
                                         0x50 (size before relaxing)
 .eh_frame      0x0000000000111b6c       0x20 binaries/ramopen.o
                                         0x4c (size before relaxing)
 .eh_frame      0x0000000000111b8c       0x24 binaries/ramread.o
                                         0x50 (size before relaxing)
 .eh_frame      0x0000000000111bb0       0x24 binaries/ramwrite.o
                                         0x50 (size before relaxing)
 .eh_frame      0x0000000000111bd4       0x24 binaries/lfdballoc.o
                                         0x50 (size before relaxing)
 .eh_frame      0x0000000000111bf8       0x24 binaries/lfdbfree.o
                                         0x50 (size before relaxing)
 .eh_frame      0x0000000000111c1c       0x24 binaries/lfflush.o
                                         0x50 (size before relaxing)
 .eh_frame      0x0000000000111c40       0x20 binaries/lfgetmode.o
                                         0x4c (size before relaxing)
 .eh_frame      0x0000000000111c60       0x24 binaries/lfiballoc.o
                                         0x50 (size before relaxing)
 .eh_frame      0x0000000000111c84       0x20 binaries/lfibclear.o
                                         0x4c (size before relaxing)
 .eh_frame      0x0000000000111ca4       0x24 binaries/lfibget.o
                                         0x50 (size before relaxing)
 .eh_frame      0x0000000000111cc8       0x24 binaries/lfibput.o
                                         0x50 (size before relaxing)
 .eh_frame      0x0000000000111cec       0x24 binaries/lflclose.o
                                         0x50 (size before relaxing)
 .eh_frame      0x0000000000111d10       0x24 binaries/lflcontrol.o
                                         0x50 (size before relaxing)
 .eh_frame      0x0000000000111d34       0x24 binaries/lflgetc.o
                                         0x50 (size before relaxing)
 .eh_frame      0x0000000000111d58       0x24 binaries/lflinit.o
                                         0x50 (size before relaxing)
 .eh_frame      0x0000000000111d7c       0x24 binaries/lflputc.o
                                         0x50 (size before relaxing)
 .eh_frame      0x0000000000111da0       0x24 binaries/lflread.o
                                         0x50 (size before relaxing)
 .eh_frame      0x0000000000111dc4       0x24 binaries/lflseek.o
                                         0x50 (size before relaxing)
 .eh_frame      0x0000000000111de8       0x24 binaries/lflwrite.o
                                         0x50 (size before relaxing)
 .eh_frame      0x0000000000111e0c       0x20 binaries/lfscheck.o
                                         0x4c (size before relaxing)
 .eh_frame      0x0000000000111e2c       0x24 binaries/lfsckfmt.o
                                         0x50 (size before relaxing)
 .eh_frame      0x0000000000111e50       0x24 binaries/lfscreate.o
                                         0x50 (size before relaxing)
 .eh_frame      0x0000000000111e74       0x24 binaries/lfsetup.o
                                         0x50 (size before relaxing)
 .eh_frame      0x0000000000111e98       0x24 binaries/lfsinit.o
                                         0x50 (size before relaxing)
 .eh_frame      0x0000000000111ebc       0x24 binaries/lfsopen.o
                                         0x50 (size before relaxing)
 .eh_frame      0x0000000000111ee0       0x24 binaries/lftruncate.o
                                         0x50 (size before relaxing)
 .eh_frame      0x0000000000111f04       0x24 binaries/addargs.o
                                         0x50 (size before relaxing)
 .eh_frame      0x0000000000111f28       0x20 binaries/lexan.o
                                         0x4c (size before relaxing)
 .eh_frame      0x0000000000111f48       0x2c binaries/shell.o
                                         0x58 (size before relaxing)
 .eh_frame      0x0000000000111f74       0x24 binaries/xsh_argecho.o
                                         0x50 (size before relaxing)
 .eh_frame      0x0000000000111f98       0x2c binaries/xsh_cat.o
                                         0x58 (size before relaxing)
 .eh_frame      0x0000000000111fc4       0x28 binaries/xsh_clear.o
                                         0x54 (size before relaxing)
 .eh_frame      0x0000000000111fec       0x2c binaries/xsh_date.o
                                         0x58 (size before relaxing)
 .eh_frame      0x0000000000112018       0x24 binaries/xsh_devdump.o
                                         0x50 (size before relaxing)
 .eh_frame      0x000000000011203c       0x24 binaries/xsh_echo.o
                                         0x50 (size before relaxing)
 .eh_frame      0x0000000000112060       0x20 binaries/xsh_exit.o
                                         0x4c (size before relaxing)
 .eh_frame      0x0000000000112080       0x2c binaries/xsh_help.o
                                         0x58 (size before relaxing)
 .eh_frame      0x00000000001120ac       0x2c binaries/xsh_kill.o
                                         0x58 (size before relaxing)
 .eh_frame      0x00000000001120d8       0x4c binaries/xsh_memdump.o
                                         0x8c (size before relaxing)
 .eh_frame      0x0000000000112124       0x74 binaries/xsh_memstat.o
                                         0xa0 (size before relaxing)
 .eh_frame      0x0000000000112198       0x30 binaries/xsh_ps.o
                                         0x5c (size before relaxing)
 .eh_frame      0x00000000001121c8       0x2c binaries/xsh_sleep.o
                                         0x58 (size before relaxing)
 .eh_frame      0x00000000001121f4       0x2c binaries/xsh_uptime.o
                                         0x58 (size before relaxing)

.iplt           0x0000000000112220        0x0
 .iplt          0x0000000000112220        0x0 binaries/start.o

.rel.dyn        0x0000000000112220        0x0
 .rel.got       0x0000000000112220        0x0 binaries/start.o
 .rel.iplt      0x0000000000112220        0x0 binaries/start.o
 .rel.text      0x0000000000112220        0x0 binaries/start.o

.data           0x0000000000112220      0xde0
                0x0000000000112220                data = ABSOLUTE (.)
 *(.data .data.*)
 .data          0x0000000000112220      0x83a binaries/start.o
                0x0000000000112220                gdt
                0x0000000000112250                idt
                0x0000000000112a56                cpudelay
 .data          0x0000000000112a5a        0x0 binaries/ascdate.o
 *fill*         0x0000000000112a5a        0x6 
 .data.rel.local
                0x0000000000112a60       0x88 binaries/ascdate.o
                0x0000000000112a60                Date
 .data          0x0000000000112ae8        0x0 binaries/bufinit.o
 .data          0x0000000000112ae8        0x0 binaries/chprio.o
 .data          0x0000000000112ae8        0x0 binaries/clkhandler.o
 .data          0x0000000000112ae8        0x0 binaries/clkinit.o
 .data          0x0000000000112ae8        0x0 binaries/close.o
 .data          0x0000000000112ae8        0x0 binaries/conf.o
 *fill*         0x0000000000112ae8       0x18 
 .data.rel      0x0000000000112b00      0x294 binaries/conf.o
                0x0000000000112b00                devtab
 .data          0x0000000000112d94        0x0 binaries/control.o
 .data          0x0000000000112d94        0x4 binaries/create.o
 .data          0x0000000000112d98        0x0 binaries/evec.o
 *fill*         0x0000000000112d98        0x8 
 .data.rel.local
                0x0000000000112da0       0x40 binaries/evec.o
                0x0000000000112da0                inames
 .data          0x0000000000112de0        0x0 binaries/exit.o
 .data          0x0000000000112de0        0x0 binaries/freebuf.o
 .data          0x0000000000112de0        0x0 binaries/freemem.o
 .data          0x0000000000112de0        0x0 binaries/getbuf.o
 .data          0x0000000000112de0        0x0 binaries/getc.o
 .data          0x0000000000112de0        0x0 binaries/getdev.o
 .data          0x0000000000112de0        0x0 binaries/getitem.o
 .data          0x0000000000112de0        0x0 binaries/getmem.o
 .data          0x0000000000112de0        0x0 binaries/getpid.o
 .data          0x0000000000112de0        0x0 binaries/getprio.o
 .data          0x0000000000112de0        0x0 binaries/getstk.o
 .data          0x0000000000112de0        0x0 binaries/getticks.o
 .data          0x0000000000112de0        0x0 binaries/gettime.o
 .data          0x0000000000112de0        0x0 binaries/getutime.o
 .data          0x0000000000112de0        0x0 binaries/init.o
 .data          0x0000000000112de0        0x0 binaries/initialize.o
 .data          0x0000000000112de0        0x0 binaries/insert.o
 .data          0x0000000000112de0        0x0 binaries/insertd.o
 .data          0x0000000000112de0        0x0 binaries/ioerr.o
 .data          0x0000000000112de0        0x0 binaries/ionull.o
 .data          0x0000000000112de0        0x0 binaries/kill.o
 .data          0x0000000000112de0        0x0 binaries/kprintf.o
 .data          0x0000000000112de0        0x0 binaries/main.o
 .data          0x0000000000112de0        0x0 binaries/mark.o
 .data          0x0000000000112de0       0x44 binaries/meminit.o
                0x0000000000112de0                bootsign
                0x0000000000112de4                bootinfo
                0x0000000000112e00                gdt_copy
                0x0000000000112e20                ptpt
 .data          0x0000000000112e24        0x0 binaries/mkbufpool.o
 .data          0x0000000000112e24        0x2 binaries/newqueue.o
 .data          0x0000000000112e26        0x0 binaries/open.o
 .data          0x0000000000112e26        0x0 binaries/panic.o
 .data          0x0000000000112e26        0x0 binaries/platinit.o
 .data          0x0000000000112e26        0x0 binaries/ptclear.o
 .data          0x0000000000112e26        0x0 binaries/ptcount.o
 .data          0x0000000000112e26        0x0 binaries/ptcreate.o
 .data          0x0000000000112e26        0x0 binaries/ptdelete.o
 .data          0x0000000000112e26        0x0 binaries/ptinit.o
 .data          0x0000000000112e26        0x0 binaries/ptrecv.o
 .data          0x0000000000112e26        0x0 binaries/ptreset.o
 .data          0x0000000000112e26        0x0 binaries/ptsend.o
 .data          0x0000000000112e26        0x0 binaries/putc.o
 .data          0x0000000000112e26        0x0 binaries/queue.o
 .data          0x0000000000112e26        0x0 binaries/read.o
 .data          0x0000000000112e26        0x0 binaries/ready.o
 .data          0x0000000000112e26        0x0 binaries/receive.o
 .data          0x0000000000112e26        0x0 binaries/recvclr.o
 .data          0x0000000000112e26        0x0 binaries/recvtime.o
 .data          0x0000000000112e26        0x0 binaries/resched.o
 .data          0x0000000000112e26        0x0 binaries/resume.o
 .data          0x0000000000112e26        0x0 binaries/seek.o
 .data          0x0000000000112e26        0x0 binaries/semcount.o
 .data          0x0000000000112e26        0x0 binaries/semcreate.o
 .data          0x0000000000112e26        0x0 binaries/semdelete.o
 .data          0x0000000000112e26        0x0 binaries/semreset.o
 .data          0x0000000000112e26        0x0 binaries/send.o
 .data          0x0000000000112e26        0x0 binaries/signal.o
 .data          0x0000000000112e26        0x0 binaries/signaln.o
 .data          0x0000000000112e26        0x0 binaries/sleep.o
 .data          0x0000000000112e26        0x0 binaries/stacktrace.o
 .data          0x0000000000112e26        0x0 binaries/suspend.o
 .data          0x0000000000112e26        0x0 binaries/unsleep.o
 .data          0x0000000000112e26        0x0 binaries/userret.o
 .data          0x0000000000112e26        0x0 binaries/vm.o
 .data          0x0000000000112e26        0x0 binaries/wait.o
 .data          0x0000000000112e26        0x0 binaries/wakeup.o
 .data          0x0000000000112e26        0x0 binaries/write.o
 .data          0x0000000000112e26        0x0 binaries/xdone.o
 .data          0x0000000000112e26        0x0 binaries/yield.o
 .data          0x0000000000112e26        0x0 binaries/abs.o
 .data          0x0000000000112e26        0x0 binaries/atoi.o
 .data          0x0000000000112e26        0x0 binaries/atol.o
 .data          0x0000000000112e26        0x0 binaries/bzero.o
 .data          0x0000000000112e26        0x0 binaries/ctype_.o
 .data          0x0000000000112e26        0x0 binaries/doprnt.o
 *fill*         0x0000000000112e26       0x1a 
 .data          0x0000000000112e40       0x80 binaries/doscan.o
                0x0000000000112e40                _sctab
 .data          0x0000000000112ec0        0x0 binaries/fdoprnt.o
 .data          0x0000000000112ec0        0x0 binaries/fgetc.o
 .data          0x0000000000112ec0        0x0 binaries/fgets.o
 .data          0x0000000000112ec0        0x0 binaries/fprintf.o
 .data          0x0000000000112ec0        0x0 binaries/fputc.o
 .data          0x0000000000112ec0        0x0 binaries/fputs.o
 .data          0x0000000000112ec0        0x0 binaries/fscanf.o
 .data          0x0000000000112ec0        0x0 binaries/getchar.o
 .data          0x0000000000112ec0        0x0 binaries/labs.o
 .data          0x0000000000112ec0        0x0 binaries/memchr.o
 .data          0x0000000000112ec0        0x0 binaries/memcmp.o
 .data          0x0000000000112ec0        0x0 binaries/memcpy.o
 .data          0x0000000000112ec0        0x0 binaries/memset.o
 .data          0x0000000000112ec0        0x0 binaries/printf.o
 .data          0x0000000000112ec0        0x0 binaries/putchar.o
 .data          0x0000000000112ec0        0x0 binaries/qsort.o
 .data          0x0000000000112ec0        0x4 binaries/rand.o
 .data          0x0000000000112ec4        0x0 binaries/sprintf.o
 .data          0x0000000000112ec4        0x0 binaries/sscanf.o
 .data          0x0000000000112ec4        0x0 binaries/strchr.o
 .data          0x0000000000112ec4        0x0 binaries/strcmp.o
 .data          0x0000000000112ec4        0x0 binaries/strcpy.o
 .data          0x0000000000112ec4        0x0 binaries/strlen.o
 .data          0x0000000000112ec4        0x0 binaries/strncat.o
 .data          0x0000000000112ec4        0x0 binaries/strncmp.o
 .data          0x0000000000112ec4        0x0 binaries/strncpy.o
 .data          0x0000000000112ec4        0x0 binaries/strnlen.o
 .data          0x0000000000112ec4        0x0 binaries/strrchr.o
 .data          0x0000000000112ec4        0x0 binaries/strstr.o
 .data          0x0000000000112ec4        0x0 binaries/ttycontrol.o
 .data          0x0000000000112ec4        0x0 binaries/ttygetc.o
 .data          0x0000000000112ec4        0x0 binaries/ttyhandle_in.o
 .data          0x0000000000112ec4        0x0 binaries/ttyhandle_out.o
 .data          0x0000000000112ec4        0x0 binaries/ttyhandler.o
 .data          0x0000000000112ec4        0x0 binaries/ttyinit.o
 .data          0x0000000000112ec4        0x0 binaries/ttykickout.o
 .data          0x0000000000112ec4        0x0 binaries/ttyputc.o
 .data          0x0000000000112ec4        0x0 binaries/ttyread.o
 .data          0x0000000000112ec4        0x0 binaries/ttywrite.o
 .data          0x0000000000112ec4        0x0 binaries/mount.o
 .data          0x0000000000112ec4        0x0 binaries/naminit.o
 .data          0x0000000000112ec4        0x0 binaries/nammap.o
 .data          0x0000000000112ec4        0x0 binaries/namopen.o
 .data          0x0000000000112ec4        0x0 binaries/ramclose.o
 .data          0x0000000000112ec4        0x0 binaries/raminit.o
 .data          0x0000000000112ec4        0x0 binaries/ramopen.o
 .data          0x0000000000112ec4        0x0 binaries/ramread.o
 .data          0x0000000000112ec4        0x0 binaries/ramwrite.o
 .data          0x0000000000112ec4        0x0 binaries/lfdballoc.o
 .data          0x0000000000112ec4        0x0 binaries/lfdbfree.o
 .data          0x0000000000112ec4        0x0 binaries/lfflush.o
 .data          0x0000000000112ec4        0x0 binaries/lfgetmode.o
 .data          0x0000000000112ec4        0x0 binaries/lfiballoc.o
 .data          0x0000000000112ec4        0x0 binaries/lfibclear.o
 .data          0x0000000000112ec4        0x0 binaries/lfibget.o
 .data          0x0000000000112ec4        0x0 binaries/lfibput.o
 .data          0x0000000000112ec4        0x0 binaries/lflclose.o
 .data          0x0000000000112ec4        0x0 binaries/lflcontrol.o
 .data          0x0000000000112ec4        0x0 binaries/lflgetc.o
 .data          0x0000000000112ec4        0x0 binaries/lflinit.o
 .data          0x0000000000112ec4        0x0 binaries/lflputc.o
 .data          0x0000000000112ec4        0x0 binaries/lflread.o
 .data          0x0000000000112ec4        0x0 binaries/lflseek.o
 .data          0x0000000000112ec4        0x0 binaries/lflwrite.o
 .data          0x0000000000112ec4        0x0 binaries/lfscheck.o
 .data          0x0000000000112ec4        0x0 binaries/lfsckfmt.o
 .data          0x0000000000112ec4        0x0 binaries/lfscreate.o
 .data          0x0000000000112ec4        0x0 binaries/lfsetup.o
 .data          0x0000000000112ec4        0x0 binaries/lfsinit.o
 .data          0x0000000000112ec4        0x0 binaries/lfsopen.o
 .data          0x0000000000112ec4        0x0 binaries/lftruncate.o
 .data          0x0000000000112ec4        0x0 binaries/addargs.o
 .data          0x0000000000112ec4        0x0 binaries/lexan.o
 .data          0x0000000000112ec4        0x4 binaries/shell.o
                0x0000000000112ec4                ncmd
 *fill*         0x0000000000112ec8       0x18 
 .data.rel.ro   0x0000000000112ee0       0xb4 binaries/shell.o
                0x0000000000112ee0                cmdtab
 .data          0x0000000000112f94        0x0 binaries/xsh_argecho.o
 .data          0x0000000000112f94        0x0 binaries/xsh_cat.o
 .data          0x0000000000112f94        0x0 binaries/xsh_clear.o
 .data          0x0000000000112f94        0x0 binaries/xsh_date.o
 .data          0x0000000000112f94        0x0 binaries/xsh_devdump.o
 .data          0x0000000000112f94        0x0 binaries/xsh_echo.o
 .data          0x0000000000112f94        0x0 binaries/xsh_exit.o
 .data          0x0000000000112f94        0x0 binaries/xsh_help.o
 .data          0x0000000000112f94        0x0 binaries/xsh_kill.o
 .data          0x0000000000112f94        0x0 binaries/xsh_memdump.o
 .data          0x0000000000112f94        0x0 binaries/xsh_memstat.o
 *fill*         0x0000000000112f94        0xc 
 .data          0x0000000000112fa0       0x20 binaries/xsh_ps.o
 .data          0x0000000000112fc0        0x0 binaries/xsh_sleep.o
 .data          0x0000000000112fc0        0x0 binaries/xsh_uptime.o
 .data          0x0000000000112fc0        0x0 binaries/clkdisp.o
 .data          0x0000000000112fc0        0x0 binaries/ctxsw.o
 .data          0x0000000000112fc0        0x0 binaries/intr.o
                0x0000000000112fc0                _saveint
 .data          0x0000000000112fc0        0x0 binaries/ttydispatch.o
                0x0000000000112fc0                edata = ABSOLUTE (.)
                0x0000000000113000                . = ALIGN (0x1000)
 *fill*         0x0000000000112fc0       0x40 

.got            0x0000000000113000        0x0
 .got           0x0000000000113000        0x0 binaries/start.o

.got.plt        0x0000000000113000        0xc
 .got.plt       0x0000000000113000        0xc binaries/start.o
                0x0000000000113000                _GLOBAL_OFFSET_TABLE_

.igot.plt       0x000000000011300c        0x0
 .igot.plt      0x000000000011300c        0x0 binaries/start.o

.bss            0x0000000000113020    0x1efe0
                0x0000000000113020                bss = ABSOLUTE (.)
 *(.bss .bss.*)
 .bss           0x0000000000113020        0x0 binaries/start.o
 .bss           0x0000000000113020        0x0 binaries/ascdate.o
 .bss           0x0000000000113020        0x0 binaries/bufinit.o
 .bss           0x0000000000113020        0x0 binaries/chprio.o
 .bss           0x0000000000113020        0x0 binaries/clkhandler.o
 .bss           0x0000000000113020        0x0 binaries/clkinit.o
 .bss           0x0000000000113020        0x0 binaries/close.o
 .bss           0x0000000000113020        0x0 binaries/conf.o
 .bss           0x0000000000113020        0x0 binaries/control.o
 .bss           0x0000000000113020        0x0 binaries/create.o
 .bss           0x0000000000113020        0x0 binaries/evec.o
 .bss           0x0000000000113020        0x0 binaries/exit.o
 .bss           0x0000000000113020        0x0 binaries/freebuf.o
 .bss           0x0000000000113020        0x0 binaries/freemem.o
 .bss           0x0000000000113020        0x0 binaries/getbuf.o
 .bss           0x0000000000113020        0x0 binaries/getc.o
 .bss           0x0000000000113020        0x0 binaries/getdev.o
 .bss           0x0000000000113020        0x0 binaries/getitem.o
 .bss           0x0000000000113020        0x0 binaries/getmem.o
 .bss           0x0000000000113020        0x0 binaries/getpid.o
 .bss           0x0000000000113020        0x0 binaries/getprio.o
 .bss           0x0000000000113020        0x0 binaries/getstk.o
 .bss           0x0000000000113020        0x0 binaries/getticks.o
 .bss           0x0000000000113020        0x0 binaries/gettime.o
 .bss           0x0000000000113020        0x0 binaries/getutime.o
 .bss           0x0000000000113020        0x0 binaries/init.o
 .bss           0x0000000000113020        0x0 binaries/initialize.o
 .bss           0x0000000000113020        0x0 binaries/insert.o
 .bss           0x0000000000113020        0x0 binaries/insertd.o
 .bss           0x0000000000113020        0x0 binaries/ioerr.o
 .bss           0x0000000000113020        0x0 binaries/ionull.o
 .bss           0x0000000000113020        0x0 binaries/kill.o
 .bss           0x0000000000113020        0x0 binaries/kprintf.o
 .bss           0x0000000000113020        0x0 binaries/main.o
 .bss           0x0000000000113020        0x0 binaries/mark.o
 .bss           0x0000000000113020        0x8 binaries/meminit.o
                0x0000000000113020                free_pages
                0x0000000000113024                total_pages
 .bss           0x0000000000113028        0x0 binaries/mkbufpool.o
 .bss           0x0000000000113028        0x0 binaries/newqueue.o
 .bss           0x0000000000113028        0x0 binaries/open.o
 .bss           0x0000000000113028        0x0 binaries/panic.o
 .bss           0x0000000000113028        0x0 binaries/platinit.o
 .bss           0x0000000000113028        0x0 binaries/ptclear.o
 .bss           0x0000000000113028        0x0 binaries/ptcount.o
 .bss           0x0000000000113028        0x0 binaries/ptcreate.o
 .bss           0x0000000000113028        0x0 binaries/ptdelete.o
 .bss           0x0000000000113028        0x0 binaries/ptinit.o
 .bss           0x0000000000113028        0x0 binaries/ptrecv.o
 .bss           0x0000000000113028        0x0 binaries/ptreset.o
 .bss           0x0000000000113028        0x0 binaries/ptsend.o
 .bss           0x0000000000113028        0x0 binaries/putc.o
 .bss           0x0000000000113028        0x0 binaries/queue.o
 .bss           0x0000000000113028        0x0 binaries/read.o
 .bss           0x0000000000113028        0x0 binaries/ready.o
 .bss           0x0000000000113028        0x0 binaries/receive.o
 .bss           0x0000000000113028        0x0 binaries/recvclr.o
 .bss           0x0000000000113028        0x0 binaries/recvtime.o
 .bss           0x0000000000113028        0x0 binaries/resched.o
 .bss           0x0000000000113028        0x0 binaries/resume.o
 .bss           0x0000000000113028        0x0 binaries/seek.o
 .bss           0x0000000000113028        0x0 binaries/semcount.o
 .bss           0x0000000000113028        0x4 binaries/semcreate.o
 .bss           0x000000000011302c        0x0 binaries/semdelete.o
 .bss           0x000000000011302c        0x0 binaries/semreset.o
 .bss           0x000000000011302c        0x0 binaries/send.o
 .bss           0x000000000011302c        0x0 binaries/signal.o
 .bss           0x000000000011302c        0x0 binaries/signaln.o
 .bss           0x000000000011302c        0x0 binaries/sleep.o
 .bss           0x000000000011302c        0x0 binaries/stacktrace.o
 .bss           0x000000000011302c        0x0 binaries/suspend.o
 .bss           0x000000000011302c        0x0 binaries/unsleep.o
 .bss           0x000000000011302c        0x0 binaries/userret.o
 .bss           0x000000000011302c        0x0 binaries/vm.o
 .bss           0x000000000011302c        0x0 binaries/wait.o
 .bss           0x000000000011302c        0x0 binaries/wakeup.o
 .bss           0x000000000011302c        0x0 binaries/write.o
 .bss           0x000000000011302c        0x0 binaries/xdone.o
 .bss           0x000000000011302c        0x0 binaries/yield.o
 .bss           0x000000000011302c        0x0 binaries/abs.o
 .bss           0x000000000011302c        0x0 binaries/atoi.o
 .bss           0x000000000011302c        0x0 binaries/atol.o
 .bss           0x000000000011302c        0x0 binaries/bzero.o
 .bss           0x000000000011302c        0x0 binaries/ctype_.o
 .bss           0x000000000011302c        0x0 binaries/doprnt.o
 .bss           0x000000000011302c        0x0 binaries/doscan.o
 .bss           0x000000000011302c        0x0 binaries/fdoprnt.o
 .bss           0x000000000011302c        0x0 binaries/fgetc.o
 .bss           0x000000000011302c        0x0 binaries/fgets.o
 .bss           0x000000000011302c        0x0 binaries/fprintf.o
 .bss           0x000000000011302c        0x0 binaries/fputc.o
 .bss           0x000000000011302c        0x0 binaries/fputs.o
 .bss           0x000000000011302c        0x0 binaries/fscanf.o
 .bss           0x000000000011302c        0x0 binaries/getchar.o
 .bss           0x000000000011302c        0x0 binaries/labs.o
 .bss           0x000000000011302c        0x0 binaries/memchr.o
 .bss           0x000000000011302c        0x0 binaries/memcmp.o
 .bss           0x000000000011302c        0x0 binaries/memcpy.o
 .bss           0x000000000011302c        0x0 binaries/memset.o
 .bss           0x000000000011302c        0x0 binaries/printf.o
 .bss           0x000000000011302c        0x0 binaries/putchar.o
 .bss           0x000000000011302c        0x8 binaries/qsort.o
 .bss           0x0000000000113034        0x0 binaries/rand.o
 .bss           0x0000000000113034        0x0 binaries/sprintf.o
 .bss           0x0000000000113034        0x0 binaries/sscanf.o
 .bss           0x0000000000113034        0x0 binaries/strchr.o
 .bss           0x0000000000113034        0x0 binaries/strcmp.o
 .bss           0x0000000000113034        0x0 binaries/strcpy.o
 .bss           0x0000000000113034        0x0 binaries/strlen.o
 .bss           0x0000000000113034        0x0 binaries/strncat.o
 .bss           0x0000000000113034        0x0 binaries/strncmp.o
 .bss           0x0000000000113034        0x0 binaries/strncpy.o
 .bss           0x0000000000113034        0x0 binaries/strnlen.o
 .bss           0x0000000000113034        0x0 binaries/strrchr.o
 .bss           0x0000000000113034        0x0 binaries/strstr.o
 .bss           0x0000000000113034        0x0 binaries/ttycontrol.o
 .bss           0x0000000000113034        0x0 binaries/ttygetc.o
 .bss           0x0000000000113034        0x0 binaries/ttyhandle_in.o
 .bss           0x0000000000113034        0x0 binaries/ttyhandle_out.o
 .bss           0x0000000000113034        0x0 binaries/ttyhandler.o
 .bss           0x0000000000113034        0x0 binaries/ttyinit.o
 .bss           0x0000000000113034        0x0 binaries/ttykickout.o
 .bss           0x0000000000113034        0x0 binaries/ttyputc.o
 .bss           0x0000000000113034        0x0 binaries/ttyread.o
 .bss           0x0000000000113034        0x0 binaries/ttywrite.o
 .bss           0x0000000000113034        0x0 binaries/mount.o
 .bss           0x0000000000113034        0x0 binaries/naminit.o
 .bss           0x0000000000113034        0x0 binaries/nammap.o
 .bss           0x0000000000113034        0x0 binaries/namopen.o
 .bss           0x0000000000113034        0x0 binaries/ramclose.o
 .bss           0x0000000000113034        0x0 binaries/raminit.o
 .bss           0x0000000000113034        0x0 binaries/ramopen.o
 .bss           0x0000000000113034        0x0 binaries/ramread.o
 .bss           0x0000000000113034        0x0 binaries/ramwrite.o
 .bss           0x0000000000113034        0x0 binaries/lfdballoc.o
 .bss           0x0000000000113034        0x0 binaries/lfdbfree.o
 .bss           0x0000000000113034        0x0 binaries/lfflush.o
 .bss           0x0000000000113034        0x0 binaries/lfgetmode.o
 .bss           0x0000000000113034        0x0 binaries/lfiballoc.o
 .bss           0x0000000000113034        0x0 binaries/lfibclear.o
 .bss           0x0000000000113034        0x0 binaries/lfibget.o
 .bss           0x0000000000113034        0x0 binaries/lfibput.o
 .bss           0x0000000000113034        0x0 binaries/lflclose.o
 .bss           0x0000000000113034        0x0 binaries/lflcontrol.o
 .bss           0x0000000000113034        0x0 binaries/lflgetc.o
 .bss           0x0000000000113034        0x0 binaries/lflinit.o
 .bss           0x0000000000113034        0x0 binaries/lflputc.o
 .bss           0x0000000000113034        0x0 binaries/lflread.o
 .bss           0x0000000000113034        0x0 binaries/lflseek.o
 .bss           0x0000000000113034        0x0 binaries/lflwrite.o
 .bss           0x0000000000113034        0x0 binaries/lfscheck.o
 .bss           0x0000000000113034        0x0 binaries/lfsckfmt.o
 .bss           0x0000000000113034        0x0 binaries/lfscreate.o
 .bss           0x0000000000113034        0x0 binaries/lfsetup.o
 .bss           0x0000000000113034        0x0 binaries/lfsinit.o
 .bss           0x0000000000113034        0x0 binaries/lfsopen.o
 .bss           0x0000000000113034        0x0 binaries/lftruncate.o
 .bss           0x0000000000113034        0x0 binaries/addargs.o
 .bss           0x0000000000113034        0x0 binaries/lexan.o
 .bss           0x0000000000113034        0x0 binaries/shell.o
 .bss           0x0000000000113034        0x0 binaries/xsh_argecho.o
 .bss           0x0000000000113034        0x0 binaries/xsh_cat.o
 .bss           0x0000000000113034        0x0 binaries/xsh_clear.o
 .bss           0x0000000000113034        0x0 binaries/xsh_date.o
 .bss           0x0000000000113034        0x0 binaries/xsh_devdump.o
 .bss           0x0000000000113034        0x0 binaries/xsh_echo.o
 .bss           0x0000000000113034        0x0 binaries/xsh_exit.o
 .bss           0x0000000000113034        0x0 binaries/xsh_help.o
 .bss           0x0000000000113034        0x0 binaries/xsh_kill.o
 .bss           0x0000000000113034        0x0 binaries/xsh_memdump.o
 .bss           0x0000000000113034        0x0 binaries/xsh_memstat.o
 .bss           0x0000000000113034        0x0 binaries/xsh_ps.o
 .bss           0x0000000000113034        0x0 binaries/xsh_sleep.o
 .bss           0x0000000000113034        0x0 binaries/xsh_uptime.o
 .bss           0x0000000000113034        0x0 binaries/clkdisp.o
 .bss           0x0000000000113034        0x0 binaries/ctxsw.o
 .bss           0x0000000000113034        0x0 binaries/intr.o
 .bss           0x0000000000113034        0x0 binaries/ttydispatch.o
 *(COMMON)
 *fill*         0x0000000000113034        0xc 
 COMMON         0x0000000000113040       0xf4 binaries/bufinit.o
                0x0000000000113040                buftab
                0x0000000000113130                nbpools
 COMMON         0x0000000000113134       0x10 binaries/clkinit.o
                0x0000000000113134                sleepq
                0x0000000000113138                preempt
                0x000000000011313c                count1000
                0x0000000000113140                clktime
 COMMON         0x0000000000113144        0x2 binaries/evec.o
                0x0000000000113144                girmask
 *fill*         0x0000000000113146       0x1a 
 COMMON         0x0000000000113160     0x1f78 binaries/initialize.o
                0x0000000000113160                is_page
                0x0000000000113164                currpid
                0x0000000000113180                proctab
                0x0000000000114c10                prcount
                0x0000000000114c20                semtab
                0x00000000001150d0                memlist
 *fill*         0x00000000001150d8        0x8 
 COMMON         0x00000000001150e0       0x58 binaries/mark.o
                0x00000000001150e0                marks
                0x0000000000115130                nmarks
                0x0000000000115134                mkmutex
 COMMON         0x0000000000115138        0xc binaries/meminit.o
                0x0000000000115138                minheap
                0x000000000011513c                maxheap
                0x0000000000115140                phypagemax
 *fill*         0x0000000000115144       0x1c 
 COMMON         0x0000000000115160      0x2d8 binaries/ptinit.o
                0x0000000000115160                porttab
                0x0000000000115430                ptnextid
                0x0000000000115434                ptfree
 *fill*         0x0000000000115438        0x8 
 COMMON         0x0000000000115440      0x980 binaries/queue.o
                0x0000000000115440                queuetab
 COMMON         0x0000000000115dc0        0x2 binaries/ready.o
                0x0000000000115dc0                readylist
 *fill*         0x0000000000115dc2        0x2 
 COMMON         0x0000000000115dc4        0x8 binaries/resched.o
                0x0000000000115dc4                Defer
 *fill*         0x0000000000115dcc       0x14 
 COMMON         0x0000000000115de0      0x110 binaries/ttyinit.o
                0x0000000000115de0                ttytab
 *fill*         0x0000000000115ef0       0x10 
 COMMON         0x0000000000115f00     0x19c0 binaries/naminit.o
                0x0000000000115f00                nnames
                0x0000000000115f20                nametab
 COMMON         0x00000000001178c0    0x19000 binaries/raminit.o
                0x00000000001178c0                Ram
 COMMON         0x00000000001308c0      0xf00 binaries/lflinit.o
                0x00000000001308c0                lfltab
 COMMON         0x00000000001317c0      0x20c binaries/lfsinit.o
                0x00000000001317c0                Lf_data
                0x00000000001319cc                ebss = ABSOLUTE (.)
                0x0000000000132000                . = ALIGN (0x1000)
 *fill*         0x00000000001319cc      0x634 
 */()
                0x0000000000132000                end = ABSOLUTE (.)
                0x0000000000132000                _end = ABSOLUTE (.)
                0x0000000000132000                . = ALIGN (0x1000)
LOAD binaries/start.o
LOAD binaries/ascdate.o
LOAD binaries/bufinit.o
LOAD binaries/chprio.o
LOAD binaries/clkhandler.o
LOAD binaries/clkinit.o
LOAD binaries/close.o
LOAD binaries/conf.o
LOAD binaries/control.o
LOAD binaries/create.o
LOAD binaries/evec.o
LOAD binaries/exit.o
LOAD binaries/freebuf.o
LOAD binaries/freemem.o
LOAD binaries/getbuf.o
LOAD binaries/getc.o
LOAD binaries/getdev.o
LOAD binaries/getitem.o
LOAD binaries/getmem.o
LOAD binaries/getpid.o
LOAD binaries/getprio.o
LOAD binaries/getstk.o
LOAD binaries/getticks.o
LOAD binaries/gettime.o
LOAD binaries/getutime.o
LOAD binaries/init.o
LOAD binaries/initialize.o
LOAD binaries/insert.o
LOAD binaries/insertd.o
LOAD binaries/ioerr.o
LOAD binaries/ionull.o
LOAD binaries/kill.o
LOAD binaries/kprintf.o
LOAD binaries/main.o
LOAD binaries/mark.o
LOAD binaries/meminit.o
LOAD binaries/mkbufpool.o
LOAD binaries/newqueue.o
LOAD binaries/open.o
LOAD binaries/panic.o
LOAD binaries/platinit.o
LOAD binaries/ptclear.o
LOAD binaries/ptcount.o
LOAD binaries/ptcreate.o
LOAD binaries/ptdelete.o
LOAD binaries/ptinit.o
LOAD binaries/ptrecv.o
LOAD binaries/ptreset.o
LOAD binaries/ptsend.o
LOAD binaries/putc.o
LOAD binaries/queue.o
LOAD binaries/read.o
LOAD binaries/ready.o
LOAD binaries/receive.o
LOAD binaries/recvclr.o
LOAD binaries/recvtime.o
LOAD binaries/resched.o
LOAD binaries/resume.o
LOAD binaries/seek.o
LOAD binaries/semcount.o
LOAD binaries/semcreate.o
LOAD binaries/semdelete.o
LOAD binaries/semreset.o
LOAD binaries/send.o
LOAD binaries/signal.o
LOAD binaries/signaln.o
LOAD binaries/sleep.o
LOAD binaries/stacktrace.o
LOAD binaries/suspend.o
LOAD binaries/unsleep.o
LOAD binaries/userret.o
LOAD binaries/vm.o
LOAD binaries/wait.o
LOAD binaries/wakeup.o
LOAD binaries/write.o
LOAD binaries/xdone.o
LOAD binaries/yield.o
LOAD binaries/abs.o
LOAD binaries/atoi.o
LOAD binaries/atol.o
LOAD binaries/bzero.o
LOAD binaries/ctype_.o
LOAD binaries/doprnt.o
LOAD binaries/doscan.o
LOAD binaries/fdoprnt.o
LOAD binaries/fgetc.o
LOAD binaries/fgets.o
LOAD binaries/fprintf.o
LOAD binaries/fputc.o
LOAD binaries/fputs.o
LOAD binaries/fscanf.o
LOAD binaries/getchar.o
LOAD binaries/labs.o
LOAD binaries/memchr.o
LOAD binaries/memcmp.o
LOAD binaries/memcpy.o
LOAD binaries/memset.o
LOAD binaries/printf.o
LOAD binaries/putchar.o
LOAD binaries/qsort.o
LOAD binaries/rand.o
LOAD binaries/sprintf.o
LOAD binaries/sscanf.o
LOAD binaries/strchr.o
LOAD binaries/strcmp.o
LOAD binaries/strcpy.o
LOAD binaries/strlen.o
LOAD binaries/strncat.o
LOAD binaries/strncmp.o
LOAD binaries/strncpy.o
LOAD binaries/strnlen.o
LOAD binaries/strrchr.o
LOAD binaries/strstr.o
LOAD binaries/ttycontrol.o
LOAD binaries/ttygetc.o
LOAD binaries/ttyhandle_in.o
LOAD binaries/ttyhandle_out.o
LOAD binaries/ttyhandler.o
LOAD binaries/ttyinit.o
LOAD binaries/ttykickout.o
LOAD binaries/ttyputc.o
LOAD binaries/ttyread.o
LOAD binaries/ttywrite.o
LOAD binaries/mount.o
LOAD binaries/naminit.o
LOAD binaries/nammap.o
LOAD binaries/namopen.o
LOAD binaries/ramclose.o
LOAD binaries/raminit.o
LOAD binaries/ramopen.o
LOAD binaries/ramread.o
LOAD binaries/ramwrite.o
LOAD binaries/lfdballoc.o
LOAD binaries/lfdbfree.o
LOAD binaries/lfflush.o
LOAD binaries/lfgetmode.o
LOAD binaries/lfiballoc.o
LOAD binaries/lfibclear.o
LOAD binaries/lfibget.o
LOAD binaries/lfibput.o
LOAD binaries/lflclose.o
LOAD binaries/lflcontrol.o
LOAD binaries/lflgetc.o
LOAD binaries/lflinit.o
LOAD binaries/lflputc.o
LOAD binaries/lflread.o
LOAD binaries/lflseek.o
LOAD binaries/lflwrite.o
LOAD binaries/lfscheck.o
LOAD binaries/lfsckfmt.o
LOAD binaries/lfscreate.o
LOAD binaries/lfsetup.o
LOAD binaries/lfsinit.o
LOAD binaries/lfsopen.o
LOAD binaries/lftruncate.o
LOAD binaries/addargs.o
LOAD binaries/lexan.o
LOAD binaries/shell.o
LOAD binaries/xsh_argecho.o
LOAD binaries/xsh_cat.o
LOAD binaries/xsh_clear.o
LOAD binaries/xsh_date.o
LOAD binaries/xsh_devdump.o
LOAD binaries/xsh_echo.o
LOAD binaries/xsh_exit.o
LOAD binaries/xsh_help.o
LOAD binaries/xsh_kill.o
LOAD binaries/xsh_memdump.o
LOAD binaries/xsh_memstat.o
LOAD binaries/xsh_ps.o
LOAD binaries/xsh_sleep.o
LOAD binaries/xsh_uptime.o
LOAD binaries/clkdisp.o
LOAD binaries/ctxsw.o
LOAD binaries/intr.o
LOAD binaries/ttydispatch.o
OUTPUT(../compile/xinu.elf elf32-i386)

.debug_line     0x0000000000000000     0xcba0
 .debug_line    0x0000000000000000       0xdd binaries/start.o
 .debug_line    0x00000000000000dd      0x205 binaries/ascdate.o
 .debug_line    0x00000000000002e2      0x121 binaries/bufinit.o
 .debug_line    0x0000000000000403      0x136 binaries/chprio.o
 .debug_line    0x0000000000000539      0x133 binaries/clkhandler.o
 .debug_line    0x000000000000066c      0x12d binaries/clkinit.o
 .debug_line    0x0000000000000799      0x129 binaries/close.o
 .debug_line    0x00000000000008c2      0x10c binaries/conf.o
 .debug_line    0x00000000000009ce      0x12b binaries/control.o
 .debug_line    0x0000000000000af9      0x1c0 binaries/create.o
 .debug_line    0x0000000000000cb9      0x1af binaries/evec.o
 .debug_line    0x0000000000000e68      0x11f binaries/exit.o
 .debug_line    0x0000000000000f87      0x135 binaries/freebuf.o
 .debug_line    0x00000000000010bc      0x160 binaries/freemem.o
 .debug_line    0x000000000000121c      0x134 binaries/getbuf.o
 .debug_line    0x0000000000001350      0x128 binaries/getc.o
 .debug_line    0x0000000000001478      0x134 binaries/getdev.o
 .debug_line    0x00000000000015ac      0x13f binaries/getitem.o
 .debug_line    0x00000000000016eb      0x140 binaries/getmem.o
 .debug_line    0x000000000000182b      0x11f binaries/getpid.o
 .debug_line    0x000000000000194a      0x135 binaries/getprio.o
 .debug_line    0x0000000000001a7f      0x13f binaries/getstk.o
 .debug_line    0x0000000000001bbe      0x122 binaries/getticks.o
 .debug_line    0x0000000000001ce0      0x122 binaries/gettime.o
 .debug_line    0x0000000000001e02      0x124 binaries/getutime.o
 .debug_line    0x0000000000001f26      0x128 binaries/init.o
 .debug_line    0x000000000000204e      0x213 binaries/initialize.o
 .debug_line    0x0000000000002261      0x14b binaries/insert.o
 .debug_line    0x00000000000023ac      0x157 binaries/insertd.o
 .debug_line    0x0000000000002503      0x11e binaries/ioerr.o
 .debug_line    0x0000000000002621      0x11f binaries/ionull.o
 .debug_line    0x0000000000002740      0x15e binaries/kill.o
 .debug_line    0x000000000000289e      0x17a binaries/kprintf.o
 .debug_line    0x0000000000002a18      0x16f binaries/main.o
 .debug_line    0x0000000000002b87      0x13f binaries/mark.o
 .debug_line    0x0000000000002cc6      0x21f binaries/meminit.o
 .debug_line    0x0000000000002ee5      0x16b binaries/mkbufpool.o
 .debug_line    0x0000000000003050      0x133 binaries/newqueue.o
 .debug_line    0x0000000000003183      0x128 binaries/open.o
 .debug_line    0x00000000000032ab      0x125 binaries/panic.o
 .debug_line    0x00000000000033d0      0x124 binaries/platinit.o
 .debug_line    0x00000000000034f4      0x146 binaries/ptclear.o
 .debug_line    0x000000000000363a      0x13f binaries/ptcount.o
 .debug_line    0x0000000000003779      0x14a binaries/ptcreate.o
 .debug_line    0x00000000000038c3      0x13c binaries/ptdelete.o
 .debug_line    0x00000000000039ff      0x153 binaries/ptinit.o
 .debug_line    0x0000000000003b52      0x14e binaries/ptrecv.o
 .debug_line    0x0000000000003ca0      0x13a binaries/ptreset.o
 .debug_line    0x0000000000003dda      0x14d binaries/ptsend.o
 .debug_line    0x0000000000003f27      0x128 binaries/putc.o
 .debug_line    0x000000000000404f      0x159 binaries/queue.o
 .debug_line    0x00000000000041a8      0x128 binaries/read.o
 .debug_line    0x00000000000042d0      0x133 binaries/ready.o
 .debug_line    0x0000000000004403      0x12a binaries/receive.o
 .debug_line    0x000000000000452d      0x129 binaries/recvclr.o
 .debug_line    0x0000000000004656      0x134 binaries/recvtime.o
 .debug_line    0x000000000000478a      0x155 binaries/resched.o
 .debug_line    0x00000000000048df      0x139 binaries/resume.o
 .debug_line    0x0000000000004a18      0x128 binaries/seek.o
 .debug_line    0x0000000000004b40      0x136 binaries/semcount.o
 .debug_line    0x0000000000004c76      0x14f binaries/semcreate.o
 .debug_line    0x0000000000004dc5      0x13c binaries/semdelete.o
 .debug_line    0x0000000000004f01      0x143 binaries/semreset.o
 .debug_line    0x0000000000005044      0x13c binaries/send.o
 .debug_line    0x0000000000005180      0x135 binaries/signal.o
 .debug_line    0x00000000000052b5      0x146 binaries/signaln.o
 .debug_line    0x00000000000053fb      0x13f binaries/sleep.o
 .debug_line    0x000000000000553a      0x16c binaries/stacktrace.o
 .debug_line    0x00000000000056a6      0x14a binaries/suspend.o
 .debug_line    0x00000000000057f0      0x146 binaries/unsleep.o
 .debug_line    0x0000000000005936      0x122 binaries/userret.o
 .debug_line    0x0000000000005a58      0x325 binaries/vm.o
 .debug_line    0x0000000000005d7d      0x138 binaries/wait.o
 .debug_line    0x0000000000005eb5      0x130 binaries/wakeup.o
 .debug_line    0x0000000000005fe5      0x129 binaries/write.o
 .debug_line    0x000000000000610e      0x121 binaries/xdone.o
 .debug_line    0x000000000000622f      0x122 binaries/yield.o
 .debug_line    0x0000000000006351       0x40 binaries/abs.o
 .debug_line    0x0000000000006391       0x6e binaries/atoi.o
 .debug_line    0x00000000000063ff       0x6f binaries/atol.o
 .debug_line    0x000000000000646e       0x4e binaries/bzero.o
 .debug_line    0x00000000000064bc       0x46 binaries/ctype_.o
 .debug_line    0x0000000000006502      0x2ec binaries/doprnt.o
 .debug_line    0x00000000000067ee      0x1e0 binaries/doscan.o
 .debug_line    0x00000000000069ce      0x267 binaries/fdoprnt.o
 .debug_line    0x0000000000006c35       0x45 binaries/fgetc.o
 .debug_line    0x0000000000006c7a       0x62 binaries/fgets.o
 .debug_line    0x0000000000006cdc      0x12d binaries/fprintf.o
 .debug_line    0x0000000000006e09       0x44 binaries/fputc.o
 .debug_line    0x0000000000006e4d       0x47 binaries/fputs.o
 .debug_line    0x0000000000006e94       0x5d binaries/fscanf.o
 .debug_line    0x0000000000006ef1      0x120 binaries/getchar.o
 .debug_line    0x0000000000007011       0x41 binaries/labs.o